C:\Users\ECE\Documents\PR_Project_XADC\implementation\system.ngc 1408075184
C:/Users/ECE/Documents/PR_Project_XADC/implementation/system_axi_xadc_0_wrapper.ngc 1408075052
C:/Users/ECE/Documents/PR_Project_XADC/implementation/system_rs232_uart_1_wrapper.ngc 1408075052
C:/Users/ECE/Documents/PR_Project_XADC/implementation/system_proc_sys_reset_0_wrapper.ngc 1408075052
C:/Users/ECE/Documents/PR_Project_XADC/implementation/system_clock_generator_0_wrapper.ngc 1408075145
C:/Users/ECE/Documents/PR_Project_XADC/implementation/system_microblaze_0_ilmb_wrapper.ngc 1408075052
C:/Users/ECE/Documents/PR_Project_XADC/implementation/system_microblaze_0_dlmb_wrapper.ngc 1408075052
C:/Users/ECE/Documents/PR_Project_XADC/implementation/system_axi4lite_0_wrapper.ngc 1408075151
C:/Users/ECE/Documents/PR_Project_XADC/implementation/system_axi_interconnect_1_wrapper.ngc 1408075157
C:/Users/ECE/Documents/PR_Project_XADC/implementation/system_microblaze_0_wrapper.ngc 1408075052
C:/Users/ECE/Documents/PR_Project_XADC/implementation/system_microblaze_0_i_bram_ctrl_wrapper.ngc 1408075052
C:/Users/ECE/Documents/PR_Project_XADC/implementation/system_microblaze_0_d_bram_ctrl_wrapper.ngc 1408075052
C:/Users/ECE/Documents/PR_Project_XADC/implementation/system_axi2axi_connector_1_wrapper.ngc 1408075139
C:/Users/ECE/Documents/PR_Project_XADC/implementation/system_debug_module_wrapper.ngc 1408075052
C:/Users/ECE/Documents/PR_Project_XADC/implementation/system_iic_main_wrapper.ngc 1408075052
C:/Users/ECE/Documents/PR_Project_XADC/implementation/system_reconfigurable_peripherials_0_wrapper.ngc 1408075139
C:/Users/ECE/Documents/PR_Project_XADC/implementation/system_fan_controller_0_wrapper.ngc 1408075139
C:/Users/ECE/Documents/PR_Project_XADC/implementation/system_axi_hwicap_0_wrapper.ngc 1408075052
C:/Users/ECE/Documents/PR_Project_XADC/implementation/system_reconfigurable_peripherials_1_wrapper.ngc 1408075139
C:/Users/ECE/Documents/PR_Project_XADC/implementation/system_reconfigurable_peripherials_2_wrapper.ngc 1408075139
C:/Users/ECE/Documents/PR_Project_XADC/implementation/system_reconfigurable_peripherials_3_wrapper.ngc 1408075139
C:/Users/ECE/Documents/PR_Project_XADC/implementation/system_reconfigurable_peripherials_4_wrapper.ngc 1408075139
C:/Users/ECE/Documents/PR_Project_XADC/implementation/system_reconfigurable_peripherials_5_wrapper.ngc 1408075139
C:/Users/ECE/Documents/PR_Project_XADC/implementation/system_reconfigurable_peripherials_6_wrapper.ngc 1408075139
C:/Users/ECE/Documents/PR_Project_XADC/implementation/system_reconfigurable_peripherials_7_wrapper.ngc 1408075139
C:/Users/ECE/Documents/PR_Project_XADC/implementation/system_reconfigurable_peripherials_8_wrapper.ngc 1408075139
C:/Users/ECE/Documents/PR_Project_XADC/implementation/system_reconfigurable_peripherials_9_wrapper.ngc 1408075139
C:/Users/ECE/Documents/PR_Project_XADC/implementation/system_reconfigurable_peripherials_10_wrapper.ngc 1408075139
C:/Users/ECE/Documents/PR_Project_XADC/implementation/system_reconfigurable_peripherials_11_wrapper.ngc 1408075139
C:/Users/ECE/Documents/PR_Project_XADC/implementation/system_reconfigurable_peripherials_12_wrapper.ngc 1408075139
C:/Users/ECE/Documents/PR_Project_XADC/implementation/system_reconfigurable_peripherials_13_wrapper.ngc 1408075139
C:/Users/ECE/Documents/PR_Project_XADC/implementation/system_microblaze_0_bram_block_wrapper.ngc 1408075052
