C:\Users\ECE\Documents\PR_Project_XADC\implementation\system.ngc 1400608511
C:/Users/ECE/Documents/PR_Project_XADC/implementation/system_axi_xadc_0_wrapper.ngc 1400608116
C:/Users/ECE/Documents/PR_Project_XADC/implementation/system_rs232_uart_1_wrapper.ngc 1400608116
C:/Users/ECE/Documents/PR_Project_XADC/implementation/system_proc_sys_reset_0_wrapper.ngc 1400608116
C:/Users/ECE/Documents/PR_Project_XADC/implementation/system_clock_generator_0_wrapper.ngc 1400608132
C:/Users/ECE/Documents/PR_Project_XADC/implementation/system_microblaze_0_ilmb_wrapper.ngc 1400608121
C:/Users/ECE/Documents/PR_Project_XADC/implementation/system_microblaze_0_dlmb_wrapper.ngc 1400608127
C:/Users/ECE/Documents/PR_Project_XADC/implementation/system_axi4lite_0_wrapper.ngc 1400608137
C:/Users/ECE/Documents/PR_Project_XADC/implementation/system_microblaze_0_wrapper.ngc 1400608116
C:/Users/ECE/Documents/PR_Project_XADC/implementation/system_microblaze_0_i_bram_ctrl_wrapper.ngc 1400608116
C:/Users/ECE/Documents/PR_Project_XADC/implementation/system_microblaze_0_d_bram_ctrl_wrapper.ngc 1400608116
C:/Users/ECE/Documents/PR_Project_XADC/implementation/system_debug_module_wrapper.ngc 1400608116
C:/Users/ECE/Documents/PR_Project_XADC/implementation/system_iic_main_wrapper.ngc 1400608116
C:/Users/ECE/Documents/PR_Project_XADC/implementation/system_microblaze_0_bram_block_wrapper.ngc 1400608116
OK
