C:\Users\ECE\Documents\PR_Project\implementation\system.ngc 1392166545
C:/Users/ECE/Documents/PR_Project/implementation/system_axi_xadc_0_wrapper.ngc 1392164655
C:/Users/ECE/Documents/PR_Project/implementation/system_rs232_uart_1_wrapper.ngc 1392164631
C:/Users/ECE/Documents/PR_Project/implementation/system_proc_sys_reset_0_wrapper.ngc 1392164631
C:/Users/ECE/Documents/PR_Project/implementation/system_clock_generator_0_wrapper.ngc 1392164660
C:/Users/ECE/Documents/PR_Project/implementation/system_microblaze_0_ilmb_wrapper.ngc 1392164631
C:/Users/ECE/Documents/PR_Project/implementation/system_microblaze_0_dlmb_wrapper.ngc 1392164631
C:/Users/ECE/Documents/PR_Project/implementation/system_axi4lite_0_wrapper.ngc 1392164655
C:/Users/ECE/Documents/PR_Project/implementation/system_microblaze_0_wrapper.ngc 1392164631
C:/Users/ECE/Documents/PR_Project/implementation/system_microblaze_0_i_bram_ctrl_wrapper.ngc 1392164631
C:/Users/ECE/Documents/PR_Project/implementation/system_microblaze_0_d_bram_ctrl_wrapper.ngc 1392164631
C:/Users/ECE/Documents/PR_Project/implementation/system_debug_module_wrapper.ngc 1392164631
C:/Users/ECE/Documents/PR_Project/implementation/system_qspi_flash_wrapper.ngc 1392164631
C:/Users/ECE/Documents/PR_Project/implementation/system_iic_main_wrapper.ngc 1392164631
C:/Users/ECE/Documents/PR_Project/implementation/system_axi_hwicap_0_wrapper.ngc 1392164631
C:/Users/ECE/Documents/PR_Project/implementation/system_ring_oscillator_0_wrapper.ngc 1392164655
C:/Users/ECE/Documents/PR_Project/implementation/system_microblaze_0_bram_block_wrapper.ngc 1392164631
OK
